Selenium options import

0) <class 'selenium.webdriver.firefox.options.Options'>
1) <class 'selenium.webdriver.firefox.options.Options'>
2) <class 'selenium.webdriver.chrome.options.Options'>
3) <class 'selenium.webdriver.chrome.options.Options'>
4) <class 'selenium.webdriver.ie.options.Options'>
5) <class 'selenium.webdriver.edge.options.Options'>
6) <class 'selenium.webdriver.safari.options.Options'>
